// Jest Snapshot v1, https://goo.gl/fbAQLP

exports[`getIstexCitationData getCitationDocumentUrl should return url to get document 1`] = `
Object {
  "url": "https://api.istex.fr/document/?output=id%2CarkIstex%2Ctitle%2CpublicationDate%2Cauthor%2Chost.genre%2Chost.title&size=10&sortBy=publicationDate%5Bdesc%5D&q=(searched.field%3A%22refBibs.host.title%3A%22The%20Lancet%22%22%20AND%20host.title%3A%22journal%22)",
}
`;

exports[`getIstexCitationData getCitationUrl should return the value if the custom ISTEX query is selected 1`] = `"https://api.istex.fr/document/?facet=host.title%5B10%5D&output=refBibs&size=10&rankBy=qualityOverRelevance&q=((CUSTOM_QUERY))"`;

exports[`getIstexCitationData getCitationUrl should return url to get citation facet 1`] = `"https://api.istex.fr/document/?facet=host.title%5B10%5D&output=refBibs&size=10&rankBy=qualityOverRelevance&q=(searched.field%3A%22refBibs.host.title%3A%22The%20Lancet%22%22)"`;
